// Jest Snapshot v1, https://goo.gl/fbAQLP

exports[`App component renders properly 1`] = `ShallowWrapper {}`;
