// Jest Snapshot v1, https://goo.gl/fbAQLP

exports[`Wallet component renders properly 1`] = `ShallowWrapper {}`;
